// Jest Snapshot v1, https://goo.gl/fbAQLP

exports[`components Navigation renders correctly 1`] = `
<div
  className="list-group"
>
  <a
    className="list-group-item-action list-group-item"
    href="/books/2010"
    onClick={[Function]}
    style={undefined}
  >
    <span>
      2010
    </span>
    <span
      className="ml-auto badge badge-warning badge-pill"
    >
      1
    </span>
  </a>
  <a
    className="list-group-item-action list-group-item"
    href="/books/2012"
    onClick={[Function]}
    style={undefined}
  >
    <span>
      2012
    </span>
    <span
      className="ml-auto badge badge-warning badge-pill"
    >
      1
    </span>
  </a>
  <a
    className="list-group-item-action list-group-item"
    href="/books/2013"
    onClick={[Function]}
    style={undefined}
  >
    <span>
      2013
    </span>
    <span
      className="ml-auto badge badge-warning badge-pill"
    >
      1
    </span>
  </a>
  <a
    className="list-group-item-action list-group-item"
    href="/books/2014"
    onClick={[Function]}
    style={undefined}
  >
    <span>
      2014
    </span>
    <span
      className="ml-auto badge badge-warning badge-pill"
    >
      1
    </span>
  </a>
  <a
    className="list-group-item-action list-group-item"
    href="/books/2016"
    onClick={[Function]}
    style={undefined}
  >
    <span>
      2016
    </span>
    <span
      className="ml-auto badge badge-warning badge-pill"
    >
      7
    </span>
  </a>
</div>
`;
