// Jest Snapshot v1, https://goo.gl/fbAQLP

exports[`yearsSelector selects the years 1`] = `
Object {
  "entities": Object {
    "years": Object {
      "2010": Object {
        "count": 1,
        "year": 2010,
      },
      "2012": Object {
        "count": 1,
        "year": 2012,
      },
      "2013": Object {
        "count": 1,
        "year": 2013,
      },
      "2014": Object {
        "count": 1,
        "year": 2014,
      },
      "2016": Object {
        "count": 7,
        "year": 2016,
      },
    },
  },
  "result": Array [
    2010,
    2012,
    2013,
    2014,
    2016,
  ],
}
`;
