// Jest Snapshot v1, https://goo.gl/fbAQLP

exports[`components BookForm renders correctly 1`] = `
<ConnectFunction
  model="form.book"
  onSubmit={[Function]}
>
  <ConnectFunction
    messages={
      Object {
        "length": "Title must be between 5 and 200 characters",
      }
    }
    name="title"
    placeholder="Catch-22"
    type="text"
    validators={
      Object {
        "length": [Function],
      }
    }
  />
  <ConnectFunction
    messages={
      Object {
        "value": "It should be between 2000 and 2100",
      }
    }
    name="year"
    type="number"
    validators={
      Object {
        "value": [Function],
      }
    }
  />
  <FormGroup
    tag="div"
  >
    <Label
      for="description"
      tag="label"
      widths={
        Array [
          "xs",
          "sm",
          "md",
          "lg",
          "xl",
        ]
      }
    >
      Description
    </Label>
    <DefaultConnectedControl
      component={[Function]}
      id="description"
      model=".description"
      name="description"
      placeholder="That's some catch, that Catch-22"
      rows="3"
      type="textarea"
    />
    <FormText
      className="text-muted"
      color="muted"
      tag="small"
    >
      Optional
    </FormText>
  </FormGroup>
  <FormGroup
    tag="div"
  >
    <Label
      for="stars"
      tag="label"
      widths={
        Array [
          "xs",
          "sm",
          "md",
          "lg",
          "xl",
        ]
      }
    >
      Stars
    </Label>
    <div>
      <Stars
        count={3}
        handleClick={[Function]}
      />
    </div>
  </FormGroup>
  <FormGroup
    tag="div"
  >
    <Label
      for="category"
      tag="label"
      widths={
        Array [
          "xs",
          "sm",
          "md",
          "lg",
          "xl",
        ]
      }
    >
      Category
    </Label>
    <DefaultConnectedControl
      component={[Function]}
      id="category"
      model=".category"
      name="category"
      type="select"
    >
      <option
        key="sociology"
      >
        sociology
      </option>
      <option
        key="software"
      >
        software
      </option>
      <option
        key="econ"
      >
        econ
      </option>
      <option
        key="history"
      >
        history
      </option>
      <option
        key="other"
      >
        other
      </option>
    </DefaultConnectedControl>
  </FormGroup>
</ConnectFunction>
`;
