// Vitest Snapshot v1, https://vitest.dev/guide/snapshot.html

exports[`booksSelector > selects the books 1`] = `
{
  "activeYear": 2016,
  "entities": {
    "books": {
      "10": {
        "category": "other",
        "id": 10,
        "stars": 1,
        "title": "Carrion Comfort",
        "year": 2016,
      },
      "11": {
        "category": "history",
        "id": 11,
        "stars": 2,
        "title": "Time To Murder And Create",
        "year": 2016,
      },
      "4": {
        "category": "history",
        "id": 4,
        "stars": 5,
        "title": "Fear and Trembling",
        "year": 2016,
      },
      "6": {
        "category": "sociology",
        "id": 6,
        "stars": 1,
        "title": "The Painted Veil",
        "year": 2016,
      },
      "7": {
        "category": "other",
        "id": 7,
        "stars": 1,
        "title": "Things Fall Apart",
        "year": 2016,
      },
      "8": {
        "category": "sociology",
        "id": 8,
        "stars": 2,
        "title": "Alone on a Wide, Wide Sea",
        "year": 2016,
      },
      "9": {
        "category": "other",
        "id": 9,
        "stars": 2,
        "title": "I Know Why the Caged Bird Sings",
        "year": 2016,
      },
    },
  },
  "result": [
    8,
    10,
    4,
    9,
    6,
    7,
    11,
  ],
}
`;
