// Jest Snapshot v1, https://goo.gl/fbAQLP

exports[`components BooksArea renders correctly 1`] = `
<div
  className="grid"
>
  <main>
    <Connect(authenticatedComponent(Connect(BookCreator))) />
    <Route
      component={[Function]}
      exact={true}
      path="/books/:year"
    />
  </main>
  <Connect(Navigation) />
</div>
`;
