// Jest Snapshot v1, https://goo.gl/fbAQLP

exports[`selectors bookSelector selects the form 1`] = `
Object {
  "category": "software",
  "description": "",
  "stars": 1,
  "title": "",
  "year": 2017,
}
`;

exports[`selectors formSelector selects the form 1`] = `
Object {
  "book": Object {
    "category": "software",
    "description": "",
    "stars": 1,
    "title": "",
    "year": 2017,
  },
  "forms": Object {
    "$form": Object {
      "errors": Object {},
      "focus": false,
      "initialValue": Object {
        "book": Object {
          "category": "software",
          "description": "",
          "stars": 1,
          "title": "",
          "year": 2017,
        },
      },
      "intents": Array [],
      "model": "form",
      "pending": false,
      "pristine": true,
      "retouched": false,
      "submitFailed": false,
      "submitted": false,
      "touched": false,
      "valid": true,
      "validated": false,
      "validating": false,
      "validity": Object {},
      "value": Object {
        "book": Object {
          "category": "software",
          "description": "",
          "stars": 1,
          "title": "",
          "year": 2017,
        },
      },
    },
    "book": Object {
      "$form": Object {
        "errors": Object {},
        "focus": false,
        "initialValue": Object {
          "category": "software",
          "description": "",
          "stars": 1,
          "title": "",
          "year": 2017,
        },
        "intents": Array [],
        "model": "form.book",
        "pending": false,
        "pristine": true,
        "retouched": false,
        "submitFailed": false,
        "submitted": false,
        "touched": false,
        "valid": true,
        "validated": false,
        "validating": false,
        "validity": Object {},
        "value": Object {
          "category": "software",
          "description": "",
          "stars": 1,
          "title": "",
          "year": 2017,
        },
      },
      "category": Object {
        "errors": Object {},
        "focus": false,
        "initialValue": "software",
        "intents": Array [],
        "model": "form.book.category",
        "pending": false,
        "pristine": true,
        "retouched": false,
        "submitFailed": false,
        "submitted": false,
        "touched": false,
        "valid": true,
        "validated": false,
        "validating": false,
        "validity": Object {},
        "value": "software",
      },
      "description": Object {
        "errors": Object {},
        "focus": false,
        "initialValue": "",
        "intents": Array [],
        "model": "form.book.description",
        "pending": false,
        "pristine": true,
        "retouched": false,
        "submitFailed": false,
        "submitted": false,
        "touched": false,
        "valid": true,
        "validated": false,
        "validating": false,
        "validity": Object {},
        "value": "",
      },
      "stars": Object {
        "errors": Object {},
        "focus": false,
        "initialValue": 1,
        "intents": Array [],
        "model": "form.book.stars",
        "pending": false,
        "pristine": true,
        "retouched": false,
        "submitFailed": false,
        "submitted": false,
        "touched": false,
        "valid": true,
        "validated": false,
        "validating": false,
        "validity": Object {},
        "value": 1,
      },
      "title": Object {
        "errors": Object {},
        "focus": false,
        "initialValue": "",
        "intents": Array [],
        "model": "form.book.title",
        "pending": false,
        "pristine": true,
        "retouched": false,
        "submitFailed": false,
        "submitted": false,
        "touched": false,
        "valid": true,
        "validated": false,
        "validating": false,
        "validity": Object {},
        "value": "",
      },
      "year": Object {
        "errors": Object {},
        "focus": false,
        "initialValue": 2017,
        "intents": Array [],
        "model": "form.book.year",
        "pending": false,
        "pristine": true,
        "retouched": false,
        "submitFailed": false,
        "submitted": false,
        "touched": false,
        "valid": true,
        "validated": false,
        "validating": false,
        "validity": Object {},
        "value": 2017,
      },
    },
  },
}
`;
