// Vitest Snapshot v1, https://vitest.dev/guide/snapshot.html

exports[`booksSelector > orders the books as categories 1`] = `
[
  {
    "books": [
      {
        "category": "history",
        "id": 4,
        "stars": 5,
        "title": "Fear and Trembling",
        "year": 2016,
      },
      {
        "category": "history",
        "id": 11,
        "stars": 2,
        "title": "Time To Murder And Create",
        "year": 2016,
      },
    ],
    "name": "history",
  },
  {
    "books": [
      {
        "category": "sociology",
        "id": 8,
        "stars": 2,
        "title": "Alone on a Wide, Wide Sea",
        "year": 2016,
      },
      {
        "category": "sociology",
        "id": 6,
        "stars": 1,
        "title": "The Painted Veil",
        "year": 2016,
      },
    ],
    "name": "sociology",
  },
  {
    "books": [
      {
        "category": "other",
        "id": 10,
        "stars": 1,
        "title": "Carrion Comfort",
        "year": 2016,
      },
      {
        "category": "other",
        "id": 9,
        "stars": 2,
        "title": "I Know Why the Caged Bird Sings",
        "year": 2016,
      },
      {
        "category": "other",
        "id": 7,
        "stars": 1,
        "title": "Things Fall Apart",
        "year": 2016,
      },
    ],
    "name": "other",
  },
]
`;
