// Jest Snapshot v1, https://goo.gl/fbAQLP

exports[`components Header renders correctly 1`] = `
<header
  className="mb-4"
>
  <nav
    className="navbar navbar-inverse bg-inverse"
    role="navigation"
  >
    <button
      className="navbar-toggler navbar-toggler-right"
      onClick={[Function]}
      type="button"
    >
      <span
        className="navbar-toggler-icon"
      />
    </button>
    <a
      className=" active navbar-brand"
      href="/"
      onClick={[Function]}
      style={Object {}}
    >
      Shelf
    </a>
    <div
      className="collapse navbar-collapse"
      style={Object {}}
    >
      <ul
        className="ml-auto navbar-nav"
      >
        <li
          className="nav-item"
        >
          <a
            className="nav-link"
            href="/books"
            onClick={[Function]}
          >
            Books
          </a>
        </li>
      </ul>
    </div>
  </nav>
</header>
`;
