// Jest Snapshot v1, https://goo.gl/fbAQLP

exports[`components Header renders correctly 1`] = `
<header
  className="mb-4"
>
  <nav
    className="navbar navbar-toggleable navbar-inverse bg-inverse"
  >
    <button
      className="navbar-toggler navbar-toggler-right"
      onClick={[Function]}
      type="button"
    >
      <span
        className="navbar-toggler-icon"
      />
    </button>
    <a
      className="navbar-brand"
      href="/books"
      onClick={[Function]}
      style={undefined}
    >
      Shelf
    </a>
    <div
      className="collapse navbar-collapse"
      style={Object {}}
    >
      <ul
        className="ml-auto navbar-nav"
      />
    </div>
  </nav>
</header>
`;
