// Jest Snapshot v1, https://goo.gl/fbAQLP

exports[`components NavigationItem renders correctly 1`] = `
<a
  className="d-flex justify-content-between align-items-center list-group-item-action list-group-item"
  href="/books/2016"
  onClick={[Function]}
>
  <span>
    2016
  </span>
  <span
    className="ml-auto badge badge-warning badge-pill"
  >
    2
  </span>
</a>
`;
