// Jest Snapshot v1, https://goo.gl/fbAQLP

exports[`components App renders correctly 1`] = `
<div>
  <header
    className="mb-4"
  >
    <nav
      className="navbar navbar-inverse bg-inverse"
      role="navigation"
    >
      <button
        className="navbar-toggler navbar-toggler-right"
        onClick={[Function]}
        type="button"
      >
        <span
          className="navbar-toggler-icon"
        />
      </button>
      <a
        className=" active navbar-brand"
        href="/"
        onClick={[Function]}
        style={Object {}}
      >
        Shelf
      </a>
      <div
        className="collapse navbar-collapse"
        style={Object {}}
      >
        <ul
          className="ml-auto navbar-nav"
        >
          <li
            className="nav-item"
          >
            <a
              className="nav-link"
              href="/books"
              onClick={[Function]}
            >
              Books
            </a>
          </li>
          <li
            className="nav-item"
          >
            <a
              className="nav-link"
              href="/books"
              onClick={[Function]}
            >
              Books
            </a>
          </li>
        </ul>
      </div>
    </nav>
  </header>
  <div
    className="container-fluid"
  >
    <div
      className="row"
    >
      <div
        className="col col-sm-4 col-md-3 col-lg-2"
      >
        <ul
          className="list-group"
        >
          <li
            activeClass="active"
            className="list-group-item"
            href="/books/2017"
            onClick={[Function]}
            style={undefined}
          >
            <span>
              2017
            </span>
            <span
              className="ml-auto badge badge-warning badge-pill"
            >
              3
            </span>
          </li>
          <li
            activeClass="active"
            className="list-group-item"
            href="/books/2016"
            onClick={[Function]}
            style={undefined}
          >
            <span>
              2016
            </span>
            <span
              className="ml-auto badge badge-warning badge-pill"
            >
              5
            </span>
          </li>
        </ul>
      </div>
    </div>
  </div>
</div>
`;
