// Jest Snapshot v1, https://goo.gl/fbAQLP

exports[`components App renders correctly 1`] = `
<BrowserRouter>
  <div>
    <Route
      exact={true}
      path="/"
      render={[Function]}
    />
    <Route
      exact={true}
      path="/books"
      render={[Function]}
    />
    <Connect(LoginStatusChecker) />
    <Header />
    <Content />
  </div>
</BrowserRouter>
`;
