// Jest Snapshot v1, https://goo.gl/fbAQLP

exports[`components App renders correctly 1`] = `
<div>
  <div />
  <header
    className="mb-4"
  >
    <nav
      className="navbar navbar-expand-sm navbar-dark bg-dark"
    >
      <a
        className="active navbar-brand"
        href="/books"
        onClick={[Function]}
        style={Object {}}
      >
        Shelf
      </a>
      <button
        aria-label="Toggle navigation"
        className="navbar-toggler"
        onClick={[Function]}
        type="button"
      >
        <span
          className="navbar-toggler-icon"
        />
      </button>
      <div
        className="collapse navbar-collapse"
        style={Object {}}
      >
        <ul
          className="ml-auto navbar-nav"
        >
          <form
            className="form-inline"
          >
            <input
              className="form-control"
              onChange={[Function]}
              type="text"
            />
          </form>
          <li
            className="nav-item"
          >
            <a
              className="nav-link"
              href="/login"
              onClick={[Function]}
            >
              Login
            </a>
          </li>
          <li
            className="nav-item"
          >
            <div
              className="nav-link"
              onClick={[Function]}
              role="link"
            >
              Logout
            </div>
          </li>
        </ul>
      </div>
    </nav>
  </header>
  <div
    className="grid"
  >
    <main>
      <span
        className="createButton"
      >
        <button
          aria-label={null}
          className="btn btn-success"
          onClick={[Function]}
          type="button"
        >
          <svg
            aria-hidden="true"
            className="svg-inline--fa fa-plus fa-w-14 "
            data-icon="plus"
            data-prefix="fas"
            focusable="false"
            role="img"
            style={Object {}}
            viewBox="0 0 448 512"
            xmlns="http://www.w3.org/2000/svg"
          >
            <path
              d="M416 208H272V64c0-17.67-14.33-32-32-32h-32c-17.67 0-32 14.33-32 32v144H32c-17.67 0-32 14.33-32 32v32c0 17.67 14.33 32 32 32h144v144c0 17.67 14.33 32 32 32h32c17.67 0 32-14.33 32-32V304h144c17.67 0 32-14.33 32-32v-32c0-17.67-14.33-32-32-32z"
              fill="currentColor"
              style={Object {}}
            />
          </svg>
          Add Book
        </button>
      </span>
      <div />
    </main>
    <aside
      className="list-group"
    />
  </div>
</div>
`;
