// Jest Snapshot v1, https://goo.gl/fbAQLP

exports[`selectors authenticatedSelector selects the authenticated field 1`] = `true`;

exports[`selectors failedSelector selects the authenticated field 1`] = `false`;

exports[`selectors login selector selects the login 1`] = `
Object {
  "authenticated": true,
  "failed": false,
}
`;
